src/components/analysis-container.component.ts(40,10): error TS1005: ',' expected.
src/components/analysis-container.component.ts(40,15): error TS1005: ':' expected.
src/components/analysis-container.component.ts(42,9): error TS1110: Type expected.
src/components/analysis-container.component.ts(42,17): error TS1005: ',' expected.
src/components/analysis-container.component.ts(42,25): error TS1005: ',' expected.
src/components/analysis-container.component.ts(42,35): error TS1005: ',' expected.
src/components/analysis-container.component.ts(43,12): error TS1005: '>' expected.
src/components/analysis-container.component.ts(43,17): error TS1005: '{' expected.
src/components/analysis-container.component.ts(45,11): error TS1110: Type expected.
src/components/analysis-container.component.ts(45,18): error TS1005: ',' expected.
src/components/analysis-container.component.ts(46,14): error TS1005: '>' expected.
src/components/analysis-container.component.ts(46,19): error TS1005: '{' expected.
src/components/analysis-container.component.ts(48,13): error TS1110: Type expected.
src/components/analysis-container.component.ts(48,23): error TS1005: ',' expected.
src/components/analysis-container.component.ts(49,16): error TS1005: '>' expected.
src/components/analysis-container.component.ts(49,21): error TS1005: '{' expected.
src/components/analysis-container.component.ts(50,14): error TS1109: Expression expected.
src/components/analysis-container.component.ts(51,20): error TS1005: '>' expected.
src/components/analysis-container.component.ts(51,25): error TS1005: '{' expected.
src/components/analysis-container.component.ts(52,23): error TS1005: '>' expected.
src/components/analysis-container.component.ts(52,28): error TS1005: '{' expected.
src/components/analysis-container.component.ts(52,82): error TS1110: Type expected.
src/components/analysis-container.component.ts(53,24): error TS1005: ';' expected.
src/components/analysis-container.component.ts(53,29): error TS1005: '{' expected.
src/components/analysis-container.component.ts(53,105): error TS1005: ';' expected.
src/components/analysis-container.component.ts(53,114): error TS1161: Unterminated regular expression literal.
src/components/analysis-container.component.ts(54,16): error TS1161: Unterminated regular expression literal.
src/components/analysis-container.component.ts(57,14): error TS1109: Expression expected.
src/components/analysis-container.component.ts(58,22): error TS1005: '>' expected.
src/components/analysis-container.component.ts(58,42): error TS1005: ';' expected.
src/components/analysis-container.component.ts(63,16): error TS1110: Type expected.
src/components/analysis-container.component.ts(64,35): error TS1005: ';' expected.
src/components/analysis-container.component.ts(68,18): error TS1136: Property assignment expected.
src/components/analysis-container.component.ts(69,16): error TS1110: Type expected.
src/components/analysis-container.component.ts(70,13): error TS1128: Declaration or statement expected.
src/components/analysis-container.component.ts(71,12): error TS1110: Type expected.
src/components/analysis-container.component.ts(72,10): error TS1161: Unterminated regular expression literal.
src/components/analysis-container.component.ts(74,14): error TS1005: ';' expected.
src/components/analysis-container.component.ts(74,19): error TS1005: '{' expected.
src/components/analysis-container.component.ts(75,16): error TS1005: '>' expected.
src/components/analysis-container.component.ts(75,21): error TS1005: '{' expected.
src/components/analysis-container.component.ts(76,18): error TS1005: '>' expected.
src/components/analysis-container.component.ts(76,23): error TS1005: '{' expected.
src/components/analysis-container.component.ts(77,21): error TS1005: '>' expected.
src/components/analysis-container.component.ts(77,39): error TS1110: Type expected.
src/components/analysis-container.component.ts(78,14): error TS1161: Unterminated regular expression literal.
src/components/analysis-container.component.ts(79,12): error TS1161: Unterminated regular expression literal.
src/components/analysis-container.component.ts(81,27): error TS1005: ';' expected.
src/components/analysis-container.component.ts(82,12): error TS1109: Expression expected.
src/components/analysis-container.component.ts(83,18): error TS1005: '>' expected.
src/components/analysis-container.component.ts(83,23): error TS1005: '{' expected.
src/components/analysis-container.component.ts(84,20): error TS1005: '>' expected.
src/components/analysis-container.component.ts(84,25): error TS1005: '{' expected.
src/components/analysis-container.component.ts(85,22): error TS1005: '>' expected.
src/components/analysis-container.component.ts(85,27): error TS1005: '{' expected.
src/components/analysis-container.component.ts(85,120): error TS1005: ';' expected.
src/components/analysis-container.component.ts(85,135): error TS1161: Unterminated regular expression literal.
src/components/analysis-container.component.ts(86,22): error TS1005: ';' expected.
src/components/analysis-container.component.ts(86,27): error TS1005: '{' expected.
src/components/analysis-container.component.ts(86,120): error TS1005: ';' expected.
src/components/analysis-container.component.ts(86,125): error TS1434: Unexpected keyword or identifier.
src/components/analysis-container.component.ts(86,134): error TS1434: Unexpected keyword or identifier.
src/components/analysis-container.component.ts(86,141): error TS1434: Unexpected keyword or identifier.
src/components/analysis-container.component.ts(86,147): error TS1161: Unterminated regular expression literal.
src/components/analysis-container.component.ts(87,16): error TS1161: Unterminated regular expression literal.
src/components/analysis-container.component.ts(88,20): error TS1005: ';' expected.
src/components/analysis-container.component.ts(88,25): error TS1005: '{' expected.
src/components/analysis-container.component.ts(89,22): error TS1005: '>' expected.
src/components/analysis-container.component.ts(89,27): error TS1005: '{' expected.
src/components/analysis-container.component.ts(89,122): error TS1005: ';' expected.
src/components/analysis-container.component.ts(89,131): error TS1161: Unterminated regular expression literal.
src/components/analysis-container.component.ts(90,22): error TS1005: ';' expected.
src/components/analysis-container.component.ts(90,27): error TS1005: '{' expected.
src/components/analysis-container.component.ts(90,122): error TS1005: ';' expected.
src/components/analysis-container.component.ts(90,164): error TS1005: ';' expected.
src/components/analysis-container.component.ts(90,190): error TS1110: Type expected.
src/components/analysis-container.component.ts(91,16): error TS1161: Unterminated regular expression literal.
src/components/analysis-container.component.ts(92,20): error TS1005: ';' expected.
src/components/analysis-container.component.ts(92,25): error TS1005: '{' expected.
src/components/analysis-container.component.ts(93,22): error TS1005: '>' expected.
src/components/analysis-container.component.ts(93,27): error TS1005: '{' expected.
src/components/analysis-container.component.ts(93,124): error TS1005: ';' expected.
src/components/analysis-container.component.ts(93,131): error TS1161: Unterminated regular expression literal.
src/components/analysis-container.component.ts(94,22): error TS1005: ';' expected.
src/components/analysis-container.component.ts(94,27): error TS1005: '{' expected.
src/components/analysis-container.component.ts(94,116): error TS1005: ';' expected.
src/components/analysis-container.component.ts(94,146): error TS1005: ';' expected.
src/components/analysis-container.component.ts(94,165): error TS1003: Identifier expected.
src/components/analysis-container.component.ts(94,166): error TS1161: Unterminated regular expression literal.
src/components/analysis-container.component.ts(95,16): error TS1161: Unterminated regular expression literal.
src/components/analysis-container.component.ts(96,14): error TS1161: Unterminated regular expression literal.
src/components/analysis-container.component.ts(98,10): error TS1110: Type expected.
src/components/analysis-container.component.ts(99,8): error TS1161: Unterminated regular expression literal.
src/components/analysis-container.component.ts(100,6): error TS1161: Unterminated regular expression literal.
src/components/analysis-container.component.ts(103,5): error TS1128: Declaration or statement expected.
src/components/analysis-container.component.ts(103,6): error TS1434: Unexpected keyword or identifier.
src/components/analysis-container.component.ts(103,41): error TS1109: Expression expected.
src/components/analysis-container.component.ts(103,54): error TS1109: Expression expected.
src/components/analysis-container.component.ts(104,5): error TS1128: Declaration or statement expected.
src/components/analysis-container.component.ts(104,14): error TS1109: Expression expected.
src/components/analysis-container.component.ts(104,38): error TS1005: ',' expected.
src/components/analysis-container.component.ts(104,41): error TS1005: ':' expected.
src/components/analysis-container.component.ts(104,41): error TS1351: An identifier or keyword cannot immediately follow a numeric literal.
src/components/analysis-container.component.ts(104,43): error TS1005: ',' expected.
src/components/analysis-container.component.ts(104,47): error TS1005: ',' expected.
src/components/analysis-container.component.ts(104,53): error TS1128: Declaration or statement expected.
src/components/analysis-container.component.ts(105,15): error TS1146: Declaration expected.
src/components/analysis-container.component.ts(105,16): error TS1434: Unexpected keyword or identifier.
src/components/analysis-container.component.ts(106,7): error TS1434: Unexpected keyword or identifier.
src/components/analysis-container.component.ts(106,41): error TS1109: Expression expected.
src/components/analysis-container.component.ts(107,7): error TS1434: Unexpected keyword or identifier.
src/components/analysis-container.component.ts(130,1): error TS1160: Unterminated template literal.
