
Running 2 tests using 2 workers

  ✓  1 [chromium] › e2e\ai-integration.spec.ts:61:5 › AI Integration & Resilience › clinical node processing parses explicitly into PatientStateService (1.8s)
  ✘  2 [chromium] › e2e\ai-integration.spec.ts:28:5 › AI Integration & Resilience › mocked AI chat streaming renders correctly in VoiceAssistantComponent (30.1s)


  1) [chromium] › e2e\ai-integration.spec.ts:28:5 › AI Integration & Resilience › mocked AI chat streaming renders correctly in VoiceAssistantComponent 

    [31mTest timeout of 30000ms exceeded.[39m

    Error: locator.click: Test timeout of 30000ms exceeded.
    Call log:
    [2m  - waiting for locator('button').filter({ hasText: /Consult/i }).first()[22m


      42 |
      43 |         // Trigger the Chat Interface 
    > 44 |         await page.locator('button', { hasText: /Consult/i }).first().click();
         |                                                                       ^
      45 |         
      46 |         // Wait for the chat to open
      47 |         await page.waitForSelector('pocket-gull-input');
        at C:\Users\philg\OneDrive\Documents\Coding\pocketgall\e2e\ai-integration.spec.ts:44:71

    Error Context: test-results\ai-integration-AI-Integrat-f3340--in-VoiceAssistantComponent-chromium\error-context.md

  1 failed
    [chromium] › e2e\ai-integration.spec.ts:28:5 › AI Integration & Resilience › mocked AI chat streaming renders correctly in VoiceAssistantComponent 
  1 passed (33.6s)

To open last HTML report run:
[36m[39m
[36m  npx playwright show-report[39m
[36m[39m
